2024-10-12 15:32:08,459  * Debugger is active!
2024-10-12 15:32:08,466  * Debugger PIN: 125-285-755
2024-10-12 15:32:08,477  * Running on http://127.0.0.1:5000/ (Press CTRL+C to quit)
2024-10-12 15:32:15,865 127.0.0.1 - - [12/Oct/2024 15:32:15] "[37mGET /book/Spring%20Festival/Simply%20Lift HTTP/1.1[0m" 200 -
2024-10-12 15:32:15,930 127.0.0.1 - - [12/Oct/2024 15:32:15] "[33mGET /favicon.ico HTTP/1.1[0m" 404 -
2024-10-12 15:33:28,808  * Detected change in 'Z:\\webprojects\\Gudlft\\server.py', reloading
2024-10-12 15:33:28,844  * Restarting with stat
2024-10-12 15:33:29,277  * Running on http://127.0.0.1:5000/ (Press CTRL+C to quit)
2024-10-12 15:33:49,141  * Detected change in 'Z:\\webprojects\\Gudlft\\server.py', reloading
2024-10-12 15:33:49,210  * Restarting with stat
2024-10-12 15:33:49,616  * Debugger PIN: 125-285-755
2024-10-12 15:33:49,627  * Running on http://127.0.0.1:5000/ (Press CTRL+C to quit)
2024-10-12 15:33:55,967  * Detected change in 'Z:\\webprojects\\Gudlft\\server.py', reloading
2024-10-12 15:33:56,020  * Restarting with stat
2024-10-12 15:33:56,434  * Debugger PIN: 125-285-755
2024-10-12 15:33:56,449  * Running on http://127.0.0.1:5000/ (Press CTRL+C to quit)
2024-10-12 15:35:19,326  * Detected change in 'Z:\\webprojects\\Gudlft\\server.py', reloading
2024-10-12 15:35:19,379  * Restarting with stat
2024-10-12 15:35:19,792  * Debugger PIN: 125-285-755
2024-10-12 15:35:19,805  * Running on http://127.0.0.1:5000/ (Press CTRL+C to quit)
2024-10-12 15:35:23,632 127.0.0.1 - - [12/Oct/2024 15:35:23] "[37mGET /book/Spring%20Festival/Simply%20Lift HTTP/1.1[0m" 200 -
2024-10-12 15:35:23,710 127.0.0.1 - - [12/Oct/2024 15:35:23] "[33mGET /favicon.ico HTTP/1.1[0m" 404 -
2024-10-12 15:35:35,194 Club Simply Lift booked 12 places in Spring Festival. Points used: 12
2024-10-12 15:35:35,204 127.0.0.1 - - [12/Oct/2024 15:35:35] "[37mPOST /purchasePlaces HTTP/1.1[0m" 200 -
2024-10-12 15:35:44,008 Club Simply Lift booked 12 places in Spring Festival. Points used: 12
2024-10-12 15:35:44,008 127.0.0.1 - - [12/Oct/2024 15:35:44] "[37mPOST /purchasePlaces HTTP/1.1[0m" 200 -
2024-10-12 15:35:49,843 127.0.0.1 - - [12/Oct/2024 15:35:49] "[37mGET /book/Spring%20Festival/Simply%20Lift HTTP/1.1[0m" 200 -
2024-10-12 15:35:49,919 127.0.0.1 - - [12/Oct/2024 15:35:49] "[33mGET /favicon.ico HTTP/1.1[0m" 404 -
2024-10-12 15:35:55,585 Club Simply Lift booked 12 places in Spring Festival. Points used: 12
2024-10-12 15:35:55,586 127.0.0.1 - - [12/Oct/2024 15:35:55] "[37mPOST /purchasePlaces HTTP/1.1[0m" 200 -
2024-10-12 15:36:07,764 127.0.0.1 - - [12/Oct/2024 15:36:07] "[37mGET /book/Spring%20Festival/Simply%20Lift HTTP/1.1[0m" 200 -
2024-10-12 15:36:07,844 127.0.0.1 - - [12/Oct/2024 15:36:07] "[33mGET /favicon.ico HTTP/1.1[0m" 404 -
2024-10-12 15:36:13,004 127.0.0.1 - - [12/Oct/2024 15:36:13] "[37mGET /book/Spring%20Festival/Simply%20Lift HTTP/1.1[0m" 200 -
2024-10-12 15:36:13,087 127.0.0.1 - - [12/Oct/2024 15:36:13] "[33mGET /favicon.ico HTTP/1.1[0m" 404 -
2024-10-12 15:36:50,618 127.0.0.1 - - [12/Oct/2024 15:36:50] "[37mGET /book/Spring%20Festival/Simply%20Lift HTTP/1.1[0m" 200 -
2024-10-12 15:36:50,688 127.0.0.1 - - [12/Oct/2024 15:36:50] "[33mGET /favicon.ico HTTP/1.1[0m" 404 -
2024-10-12 15:36:59,005 127.0.0.1 - - [12/Oct/2024 15:36:59] "[37mGET /book/Spring%20Festival/Simply%20Lift HTTP/1.1[0m" 200 -
2024-10-12 15:37:01,109 127.0.0.1 - - [12/Oct/2024 15:37:01] "[37mGET /book/Fall%20Classic/Simply%20Lift HTTP/1.1[0m" 200 -
2024-10-12 15:37:03,202 127.0.0.1 - - [12/Oct/2024 15:37:03] "[37mGET /book/Spring%20Festival/Simply%20Lift HTTP/1.1[0m" 200 -
2024-10-12 15:37:09,778 127.0.0.1 - - [12/Oct/2024 15:37:09] "[37mGET /book/Fall%20Classic/Simply%20Lift HTTP/1.1[0m" 200 -
2024-10-12 15:37:23,322 Club Simply Lift booked 12 places in Fall Classic. Points used: 12
2024-10-12 15:37:23,322 127.0.0.1 - - [12/Oct/2024 15:37:23] "[37mPOST /purchasePlaces HTTP/1.1[0m" 200 -
2024-10-12 15:46:01,880 Club attempted to book more than the allowed 12 places.
2024-10-12 15:46:01,891 Club Simply Lift booked 5 places in Spring Festival. Points used: 5
2024-10-12 15:46:01,893 Club Iron Temple booked 12 places in Fall Classic. Points used: 12
2024-10-12 15:46:58,967 Club attempted to book more than the allowed 12 places.
2024-10-12 15:46:58,979 Club Simply Lift booked 5 places in Spring Festival. Points used: 5
2024-10-12 15:46:58,981 Club Iron Temple booked 12 places in Fall Classic. Points used: 12
2024-10-04 17:37:56,886 Club Simply Lift attempted to book 100 places, but only 25 are available.
2024-10-04 17:37:56,970 Club Simply Lift attempted to book 26 places, but only 25 are available.
2024-10-04 17:37:56,974 Club Simply Lift booked 1 places in Spring Festival. Points used: 3
2024-10-04 17:41:06,720 Club Simply Lift attempted to book 100 places, but only 25 are available.
2024-10-04 17:41:06,734 Club Simply Lift attempted to book 26 places, but only 25 are available.
2024-10-04 17:41:06,736 Club Simply Lift booked 1 places in Spring Festival. Points used: 3
2024-10-04 17:41:42,029 Club Simply Lift attempted to book 100 places, but only 25 are available.
2024-10-04 17:41:42,042 Club Simply Lift attempted to book 26 places, but only 25 are available.
2024-10-04 17:41:42,045 Club Simply Lift booked 1 places in Spring Festival. Points used: 3
2024-10-04 17:42:35,515 Club Simply Lift attempted to book 100 places, but only 25 are available.
2024-10-04 17:42:35,528 Club Simply Lift attempted to book 26 places, but only 25 are available.
2024-10-04 17:42:35,530 Club Simply Lift booked 1 places in Spring Festival. Points used: 3
2024-10-04 17:49:50,688 Club Simply Lift attempted to book 26 places, but only 25 are available.
2024-10-04 17:49:50,725 Club Simply Lift booked 1 places in Spring Festival. Points used: 3
2024-10-04 17:50:21,655 Club Simply Lift attempted to book 100 places, but only 25 are available.
2024-10-04 17:50:21,711 Club Simply Lift attempted to book 26 places, but only 25 are available.
2024-10-04 17:50:21,714 Club Simply Lift booked 1 places in Spring Festival. Points used: 3
2024-10-04 17:54:52,118 Club Simply Lift attempted to book 100 places, but only has 13 points.
2024-10-04 17:54:52,137 Club Simply Lift attempted to book 26 places, but only has 13 points.
2024-10-04 17:54:52,141 Club Simply Lift booked 1 places in Spring Festival. Points used: 3
2024-10-04 18:01:06,159 Club Simply Lift attempted to book 5 places, but only has 13 points.
2024-10-04 18:01:06,181 Club Simply Lift attempted to book 26 places, but only 25 are available.
2024-10-04 18:01:06,248 Club Simply Lift booked 1 places in Spring Festival. Points used: 3
2024-10-09 23:14:19,498  * Restarting with stat
2024-10-09 23:14:19,874  * Debugger is active!
2024-10-09 23:14:19,883  * Debugger PIN: 125-285-755
2024-10-09 23:14:19,893  * Running on http://127.0.0.1:5000/ (Press CTRL+C to quit)
2024-10-09 23:17:02,609 127.0.0.1 - - [09/Oct/2024 23:17:02] "[37mGET / HTTP/1.1[0m" 200 -
2024-10-09 23:17:02,921 127.0.0.1 - - [09/Oct/2024 23:17:02] "[33mGET /favicon.ico HTTP/1.1[0m" 404 -
2024-10-09 23:17:12,636 127.0.0.1 - - [09/Oct/2024 23:17:12] "[35m[1mPOST /showSummary HTTP/1.1[0m" 500 -
2024-10-09 23:17:12,923 127.0.0.1 - - [09/Oct/2024 23:17:12] "[37mGET /showSummary?__debugger__=yes&cmd=resource&f=debugger.js HTTP/1.1[0m" 200 -
2024-10-09 23:17:12,924 127.0.0.1 - - [09/Oct/2024 23:17:12] "[37mGET /showSummary?__debugger__=yes&cmd=resource&f=style.css HTTP/1.1[0m" 200 -
2024-10-09 23:17:12,930 127.0.0.1 - - [09/Oct/2024 23:17:12] "[37mGET /showSummary?__debugger__=yes&cmd=resource&f=jquery.js HTTP/1.1[0m" 200 -
2024-10-09 23:17:13,016 127.0.0.1 - - [09/Oct/2024 23:17:13] "[37mGET /showSummary?__debugger__=yes&cmd=resource&f=ubuntu.ttf HTTP/1.1[0m" 200 -
2024-10-09 23:17:13,034 127.0.0.1 - - [09/Oct/2024 23:17:13] "[37mGET /showSummary?__debugger__=yes&cmd=resource&f=console.png HTTP/1.1[0m" 200 -
2024-10-09 23:17:13,043 127.0.0.1 - - [09/Oct/2024 23:17:13] "[37mGET /showSummary?__debugger__=yes&cmd=resource&f=console.png HTTP/1.1[0m" 200 -
2024-10-09 23:18:29,625 127.0.0.1 - - [09/Oct/2024 23:18:29] "[37mPOST /showSummary HTTP/1.1[0m" 200 -
2024-10-09 23:18:41,726 127.0.0.1 - - [09/Oct/2024 23:18:41] "[37mGET /book/Spring%20Festival/Simply%20Lift HTTP/1.1[0m" 200 -
2024-10-09 23:18:49,727 Club Simply Lift booked 3 places in Spring Festival. Points used: 9
2024-10-09 23:18:49,728 127.0.0.1 - - [09/Oct/2024 23:18:49] "[37mPOST /purchasePlaces HTTP/1.1[0m" 200 -
2024-10-09 23:19:19,946 127.0.0.1 - - [09/Oct/2024 23:19:19] "[37mGET /book/Fall%20Classic/Simply%20Lift HTTP/1.1[0m" 200 -
2024-10-09 23:19:23,624 Club Simply Lift attempted to book 2 places, but only has 4 points.
2024-10-09 23:19:23,625 127.0.0.1 - - [09/Oct/2024 23:19:23] "[37mPOST /purchasePlaces HTTP/1.1[0m" 200 -
2024-10-09 23:19:49,752 127.0.0.1 - - [09/Oct/2024 23:19:49] "[37mPOST /showSummary HTTP/1.1[0m" 200 -
2024-10-09 23:20:40,349  * Detected change in 'Z:\\webprojects\\Gudlft\\server.py', reloading
2024-10-09 23:20:40,385  * Restarting with stat
2024-10-09 23:20:40,838  * Debugger PIN: 125-285-755
2024-10-09 23:20:40,871  * Running on http://127.0.0.1:5000/ (Press CTRL+C to quit)
2024-10-09 23:21:08,877 127.0.0.1 - - [09/Oct/2024 23:21:08] "[37mPOST /showSummary HTTP/1.1[0m" 200 -
2024-10-09 23:21:44,601 127.0.0.1 - - [09/Oct/2024 23:21:44] "[37mGET /book/Fall%20Classic/Simply%20Lift HTTP/1.1[0m" 200 -
2024-10-09 23:21:53,489 Club Simply Lift booked 2 places in Fall Classic. Points used: 2
2024-10-09 23:21:53,490 127.0.0.1 - - [09/Oct/2024 23:21:53] "[37mPOST /purchasePlaces HTTP/1.1[0m" 200 -
2024-10-09 23:22:01,357 127.0.0.1 - - [09/Oct/2024 23:22:01] "[37mGET /book/Spring%20Festival/Simply%20Lift HTTP/1.1[0m" 200 -
2024-10-09 23:22:04,894 Club Simply Lift booked 4 places in Spring Festival. Points used: 4
2024-10-09 23:22:04,895 127.0.0.1 - - [09/Oct/2024 23:22:04] "[37mPOST /purchasePlaces HTTP/1.1[0m" 200 -
2024-10-09 23:36:08,577  * Debugger is active!
2024-10-09 23:36:08,584  * Debugger PIN: 125-285-755
2024-10-09 23:36:08,595  * Running on http://127.0.0.1:5000/ (Press CTRL+C to quit)
2024-10-09 23:36:17,207 Club Simply Lift booked 4 places in Spring Festival. Points used: 4
2024-10-09 23:36:17,217 127.0.0.1 - - [09/Oct/2024 23:36:17] "[37mPOST /purchasePlaces HTTP/1.1[0m" 200 -
2024-10-09 23:36:17,245 127.0.0.1 - - [09/Oct/2024 23:36:17] "[33mGET /favicon.ico HTTP/1.1[0m" 404 -
2024-10-09 23:36:19,196 127.0.0.1 - - [09/Oct/2024 23:36:19] "[32mGET /logout HTTP/1.1[0m" 302 -
2024-10-09 23:36:19,218 127.0.0.1 - - [09/Oct/2024 23:36:19] "[37mGET / HTTP/1.1[0m" 200 -
2024-10-09 23:36:24,275 Login attempt with unknown email: dhan_nay@hotmail.com
2024-10-09 23:36:24,276 127.0.0.1 - - [09/Oct/2024 23:36:24] "[32mPOST /showSummary HTTP/1.1[0m" 302 -
2024-10-09 23:36:24,283 127.0.0.1 - - [09/Oct/2024 23:36:24] "[37mGET / HTTP/1.1[0m" 200 -
2024-10-09 23:36:26,583 Login attempt with unknown email: 
2024-10-09 23:36:26,584 127.0.0.1 - - [09/Oct/2024 23:36:26] "[32mPOST /showSummary HTTP/1.1[0m" 302 -
2024-10-09 23:36:26,591 127.0.0.1 - - [09/Oct/2024 23:36:26] "[37mGET / HTTP/1.1[0m" 200 -
2024-10-09 23:36:26,932 Login attempt with unknown email: 
2024-10-09 23:36:26,933 127.0.0.1 - - [09/Oct/2024 23:36:26] "[32mPOST /showSummary HTTP/1.1[0m" 302 -
2024-10-09 23:36:26,937 127.0.0.1 - - [09/Oct/2024 23:36:26] "[37mGET / HTTP/1.1[0m" 200 -
2024-10-09 23:38:15,327 Login attempt with unknown email: unknown@nonexistent.com
2024-10-09 23:38:15,337 Login attempt with unknown email: unknown@nonexistent.com
2024-10-09 23:40:03,500 Login attempt with unknown email: unknown@nonexistent.com
2024-10-09 23:40:03,508 Login attempt with unknown email: unknown@nonexistent.com
2024-10-12 14:51:17,285 Club She Lifts attempted to book 65 places, but only has 0 points.
2024-10-12 14:51:17,310 Club Simply Lift booked 3 places in Spring Festival. Points used: 3
2024-10-12 14:51:17,312 Club Iron Temple booked 4 places in Fall Classic. Points used: 4
2024-10-12 14:52:51,405 Club She Lifts attempted to book 65 places, but only has 0 points.
2024-10-12 14:52:51,416 Club Simply Lift booked 3 places in Spring Festival. Points used: 3
2024-10-12 14:52:51,418 Club Iron Temple booked 4 places in Fall Classic. Points used: 4
2024-10-12 14:56:22,253 Club She Lifts attempted to book 65 places, but only has 0 points.
2024-10-12 14:56:22,265 Club Simply Lift booked 3 places in Spring Festival. Points used: 3
2024-10-12 14:56:22,267 Club Iron Temple booked 4 places in Fall Classic. Points used: 4
2024-10-11 15:29:24,814 Login attempt with unknown email: unknown@nonexistent.com
2024-10-11 15:29:24,841 Login attempt with unknown email: unknown@nonexistent.com
2024-10-27 13:02:54,739 Club Simply Lift booked 10 places in Fall of Rome. Points used: 10
2024-10-27 13:02:54,739 Club Simply Lift booked 10 places in Fall of Rome. Points used: 10
2024-10-27 13:54:21,493 Club Test club booked 3 places in Test competition. Points used: 3
2024-10-27 13:54:21,494 Club Test club booked 3 places in Test competition. Points used: 3
2024-10-27 14:05:05,564 Club Test club booked 3 places in Test competition. Points used: 3
2024-10-27 14:05:05,564 Club Test club booked 3 places in Test competition. Points used: 3
2024-10-27 14:09:28,169 Club Test club booked 3 places in Test competition. Points used: 3
2024-10-27 14:09:28,169 Club Test club booked 3 places in Test competition. Points used: 3
2024-10-27 14:16:58,316 Club Test club booked 3 places in Test competition. Points used: 3
2024-10-27 14:16:58,316 Club Test club booked 3 places in Test competition. Points used: 3
2024-10-27 14:19:17,089 Club Test club booked 3 places in Test competition. Points used: 3
2024-10-27 14:19:17,090 Club Test club booked 3 places in Test competition. Points used: 3
2024-10-27 14:20:00,120 Club Test club booked 3 places in Test competition. Points used: 3
2024-10-27 14:20:00,120 Club Test club booked 3 places in Test competition. Points used: 3
2024-10-27 14:20:27,148 Club Test club booked 3 places in Test competition. Points used: 3
2024-10-27 14:20:27,149 Club Test club booked 3 places in Test competition. Points used: 3
2024-10-27 14:21:50,487 Club Test club booked 3 places in Test competition. Points used: 3
2024-10-27 14:21:50,487 Club Test club booked 3 places in Test competition. Points used: 3
2024-10-27 14:25:08,603 Club Test club booked 3 places in Test competition. Points used: 3
2024-10-27 14:25:08,604 Club Test club booked 3 places in Test competition. Points used: 3
2024-10-27 14:26:23,241 Club Test club booked 3 places in Test competition. Points used: 3
2024-10-27 14:26:23,241 Club Test club booked 3 places in Test competition. Points used: 3
2024-10-27 14:27:46,555 Club Test club booked 3 places in Test competition. Points used: 3
2024-10-27 14:27:46,555 Club Test club booked 3 places in Test competition. Points used: 3
2024-10-27 14:28:07,613 Club Test club booked 3 places in Test competition. Points used: 3
2024-10-27 14:28:07,613 Club Test club booked 3 places in Test competition. Points used: 3
2024-10-27 14:28:52,940 Club Test club booked 3 places in Test competition. Points used: 3
2024-10-27 14:28:52,940 Club Test club booked 3 places in Test competition. Points used: 3
2024-10-27 14:28:52,962 Club Test club booked 3 places in Test competition. Points used: 3
2024-10-27 14:28:52,962 Club Test club booked 3 places in Test competition. Points used: 3
2024-10-27 14:40:48,945 Club Test club booked 3 places in Test competition. Points used: 3
2024-10-27 14:40:48,945 Club Test club booked 3 places in Test competition. Points used: 3
2024-10-27 14:40:48,959 Club Test club booked 3 places in Test competition. Points used: 3
2024-10-27 14:40:48,959 Club Test club booked 3 places in Test competition. Points used: 3
2024-10-27 14:40:48,961 Club Test club booked 3 places in Test competition. Points used: 3
2024-10-27 14:40:48,962 Club Test club booked 3 places in Test competition. Points used: 3
2024-10-27 14:45:58,801 Club attempted to book more than the allowed 12 places.
2024-10-27 14:45:58,814 Club Test club booked 11 places in Test competition. Points used: 11
2024-10-27 14:45:58,815 Club Test club booked 11 places in Test competition. Points used: 11
2024-10-27 14:45:58,817 Club Test club booked 12 places in Test competition. Points used: 12
2024-10-27 14:45:58,817 Club Test club booked 12 places in Test competition. Points used: 12
2024-10-27 14:52:57,149 Club attempted to book more than the allowed 12 places.
2024-10-27 14:52:57,165 Club Test club booked 11 places in Test competition. Points used: 11
2024-10-27 14:52:57,165 Club Test club booked 11 places in Test competition. Points used: 11
2024-10-27 14:52:57,168 Club Test club booked 12 places in Test competition. Points used: 12
2024-10-27 14:52:57,169 Club Test club booked 12 places in Test competition. Points used: 12
2024-10-27 14:53:18,755 Club Test club booked 11 places in Test competition. Points used: 11
2024-10-27 14:53:18,755 Club Test club attempted to book 11 places, but only has 0 points.
2024-10-27 14:53:18,769 Club Test club booked 5 places in Test competition. Points used: 5
2024-10-27 14:53:18,770 Club Test club booked 5 places in Test competition. Points used: 5
2024-10-27 14:53:18,772 Club Test club booked 9 places in Test competition. Points used: 9
2024-10-27 14:53:18,773 Club Test club booked 9 places in Test competition. Points used: 9
2024-10-27 14:54:35,668 Club Test club booked 11 places in Test competition. Points used: 11
2024-10-27 14:54:35,668 Club Test club attempted to book 11 places, but only has 0 points.
2024-10-27 14:54:35,683 Club Test club booked 5 places in Test competition. Points used: 5
2024-10-27 14:54:35,683 Club Test club booked 5 places in Test competition. Points used: 5
2024-10-27 14:54:35,685 Club Test club booked 9 places in Test competition. Points used: 9
2024-10-27 14:54:35,685 Club Test club booked 9 places in Test competition. Points used: 9
2024-10-27 14:55:49,017 Club Test club booked 11 places in Test competition. Points used: 11
2024-10-27 14:55:49,018 Club Test club attempted to book 11 places, but only has 0 points.
2024-10-27 14:55:49,033 Club Test club booked 5 places in Test competition. Points used: 5
2024-10-27 14:55:49,033 Club Test club booked 5 places in Test competition. Points used: 5
2024-10-27 14:55:49,035 Club Test club booked 9 places in Test competition. Points used: 9
2024-10-27 14:55:49,035 Club Test club booked 9 places in Test competition. Points used: 9
2024-10-27 14:57:54,078 Login attempt with unknown email: unknown@nonexistent.com
2024-10-27 14:57:54,129 Login attempt with unknown email: unknown@nonexistent.com
2024-10-27 15:03:32,622 Login attempt with unknown email: unknown@nonexistent.com
2024-10-27 15:03:32,632 Login attempt with unknown email: unknown@nonexistent.com
2024-10-27 15:06:15,965 Login attempt with unknown email: unknown@nonexistent.com
2024-10-27 15:06:15,974 Login attempt with unknown email: unknown@nonexistent.com
2024-10-27 15:09:35,445 Login attempt with unknown email: unknown@nonexistent.com
2024-10-27 15:09:35,455 Login attempt with unknown email: unknown@nonexistent.com
2024-10-27 15:13:04,962 Login attempt with unknown email: unknown@nonexistent.com
2024-10-27 15:13:04,983 Login attempt with unknown email: unknown@nonexistent.com
2024-10-27 15:19:32,405 Club Club One booked 5 places in Competition One. Points used: 5
2024-10-27 15:19:32,405 Club Club One booked 5 places in Competition One. Points used: 5
2024-10-27 15:19:32,416 Club Club Two booked 2 places in Competition Two. Points used: 2
2024-10-27 15:19:32,417 Club Club Two booked 2 places in Competition Two. Points used: 2
2024-10-27 15:19:32,418 Club Club Three booked 7 places in Competition One. Points used: 7
2024-10-27 15:19:32,418 Club Club Three booked 7 places in Competition One. Points used: 7
2024-10-27 15:21:51,315 Club Club One booked 5 places in Competition One. Points used: 5
2024-10-27 15:21:51,315 Club Club One booked 5 places in Competition One. Points used: 5
2024-10-27 15:21:51,327 Club Club Two booked 2 places in Competition Two. Points used: 2
2024-10-27 15:21:51,327 Club Club Two booked 2 places in Competition Two. Points used: 2
2024-10-27 15:21:51,329 Club Club Three booked 7 places in Competition One. Points used: 7
2024-10-27 15:21:51,329 Club Club Three booked 7 places in Competition One. Points used: 7
2024-10-27 15:21:59,244 Login attempt with unknown email: unknown@nonexistent.com
2024-10-27 15:21:59,253 Login attempt with unknown email: unknown@nonexistent.com
2024-10-27 15:22:02,537 Club Test club booked 11 places in Test competition. Points used: 11
2024-10-27 15:22:02,538 Club Test club attempted to book 11 places, but only has 0 points.
2024-10-27 15:22:02,551 Club Test club booked 5 places in Test competition. Points used: 5
2024-10-27 15:22:02,551 Club Test club booked 5 places in Test competition. Points used: 5
2024-10-27 15:22:02,552 Club Test club booked 9 places in Test competition. Points used: 9
2024-10-27 15:22:02,553 Club Test club booked 9 places in Test competition. Points used: 9
2024-10-27 15:22:06,444 Club attempted to book more than the allowed 12 places.
2024-10-27 15:22:06,458 Club Test club booked 11 places in Test competition. Points used: 11
2024-10-27 15:22:06,458 Club Test club booked 11 places in Test competition. Points used: 11
2024-10-27 15:22:06,460 Club Test club booked 12 places in Test competition. Points used: 12
2024-10-27 15:22:06,460 Club Test club booked 12 places in Test competition. Points used: 12
2024-10-27 15:22:11,910 Club Test club booked 3 places in Test competition. Points used: 3
2024-10-27 15:22:11,910 Club Test club booked 3 places in Test competition. Points used: 3
2024-10-27 15:22:11,929 Club Test club booked 3 places in Test competition. Points used: 3
2024-10-27 15:22:11,930 Club Test club booked 3 places in Test competition. Points used: 3
2024-10-27 22:30:03,177 Club attempted to book more than the allowed 12 places.
2024-10-27 22:30:03,203 Club Test Club 1 booked 5 places in Test Competition Future. Points used: 5
2024-10-27 22:30:03,203 Club Test Club 1 booked 5 places in Test Competition Future. Points used: 5
2024-10-27 22:30:03,205 Club Test Club 2 booked 10 places in Test Competition Future. Points used: 10
2024-10-27 22:30:03,205 Club Test Club 2 attempted to book 10 places, but only has 0 points.
2024-10-27 22:37:18,515 Club attempted to book more than the allowed 12 places.
2024-10-27 22:37:18,522 Club Test Club 1 booked 5 places in Test Competition Future. Points used: 5
2024-10-27 22:37:18,522 Club Test Club 1 booked 5 places in Test Competition Future. Points used: 5
2024-10-27 22:37:18,524 Club Test Club 2 booked 10 places in Test Competition Future. Points used: 10
2024-10-27 22:37:18,524 Club Test Club 2 attempted to book 10 places, but only has 0 points.
2024-10-27 22:38:37,950 Club attempted to book more than the allowed 12 places.
2024-10-27 22:38:37,956 Club Test Club 1 booked 5 places in Test Competition Future. Points used: 5
2024-10-27 22:38:37,957 Club Test Club 1 booked 5 places in Test Competition Future. Points used: 5
2024-10-27 22:38:37,959 Club Test Club 2 booked 10 places in Test Competition Future. Points used: 10
2024-10-27 22:38:37,959 Club Test Club 2 attempted to book 10 places, but only has 0 points.
2024-10-27 23:51:28,177 Club attempted to book more than the allowed 12 places.
2024-10-27 23:51:28,202 Club Test Club 1 booked 5 places in Test Competition Future. Points used: 5
2024-10-27 23:51:28,202 Club Test Club 1 booked 5 places in Test Competition Future. Points used: 5
2024-10-27 23:51:28,204 Club Test Club 2 booked 10 places in Test Competition Future. Points used: 10
2024-10-27 23:51:28,204 Club Test Club 2 attempted to book 10 places, but only has 0 points.
2024-10-27 23:59:46,923 Club attempted to book more than the allowed 12 places.
2024-10-27 23:59:46,927 Club Test Club 1 booked 5 places in Test Competition Future. Points used: 5
2024-10-27 23:59:46,927 Club Test Club 1 booked 5 places in Test Competition Future. Points used: 5
2024-10-27 23:59:46,929 Club Test Club 2 booked 10 places in Test Competition Future. Points used: 10
2024-10-27 23:59:46,929 Club Test Club 2 attempted to book 10 places, but only has 0 points.
2024-10-28 00:02:27,246 Club attempted to book more than the allowed 12 places.
2024-10-28 00:02:27,253 Club Test Club 1 booked 5 places in Test Competition Future. Points used: 5
2024-10-28 00:02:27,253 Club Test Club 1 booked 5 places in Test Competition Future. Points used: 5
2024-10-28 00:02:27,257 Club Test Club 2 booked 10 places in Test Competition Future. Points used: 10
2024-10-28 00:02:27,257 Club Test Club 2 attempted to book 10 places, but only has 0 points.
2024-10-28 00:14:07,834 Club Test club booked 3 places in Test competition. Points used: 3
2024-10-28 00:14:07,835 Club Test club booked 3 places in Test competition. Points used: 3
2024-10-28 00:14:07,864 Club Test club booked 3 places in Test competition. Points used: 3
2024-10-28 00:14:07,864 Club Test club booked 3 places in Test competition. Points used: 3
2024-10-28 00:14:26,034 Club attempted to book more than the allowed 12 places.
2024-10-28 00:14:26,060 Club Test club booked 11 places in Test competition. Points used: 11
2024-10-28 00:14:26,061 Club Test club booked 11 places in Test competition. Points used: 11
2024-10-28 00:14:26,063 Club Test club booked 12 places in Test competition. Points used: 12
2024-10-28 00:14:26,063 Club Test club booked 12 places in Test competition. Points used: 12
2024-10-28 00:14:47,282 Club Test club booked 11 places in Test competition. Points used: 11
2024-10-28 00:14:47,282 Club Test club attempted to book 11 places, but only has 0 points.
2024-10-28 00:14:47,305 Club Test club booked 5 places in Test competition. Points used: 5
2024-10-28 00:14:47,305 Club Test club booked 5 places in Test competition. Points used: 5
2024-10-28 00:14:47,308 Club Test club booked 9 places in Test competition. Points used: 9
2024-10-28 00:14:47,309 Club Test club booked 9 places in Test competition. Points used: 9
2024-10-28 00:15:00,361 Login attempt with unknown email: unknown@nonexistent.com
2024-10-28 00:15:00,433 Login attempt with unknown email: unknown@nonexistent.com
2024-10-28 00:15:28,618 Club Club One booked 5 places in Competition One. Points used: 5
2024-10-28 00:15:28,619 Club Club One booked 5 places in Competition One. Points used: 5
2024-10-28 00:15:28,644 Club Club Two booked 2 places in Competition Two. Points used: 2
2024-10-28 00:15:28,644 Club Club Two booked 2 places in Competition Two. Points used: 2
2024-10-28 00:15:28,646 Club Club Three booked 7 places in Competition One. Points used: 7
2024-10-28 00:15:28,647 Club Club Three booked 7 places in Competition One. Points used: 7
